// Vitest Snapshot v1, https://vitest.dev/guide/snapshot.html

exports[`resolveApiErrorPresentation > keeps the approved guides reviewable as a snapshot 1`] = `
{
  "cashflow_month_close_approver_required": {
    "guide": "월 결산을 맡을 조직장이 지정되지 않았어요. 프로젝트에서 조직장을 지정해 주세요.",
    "resolution": "contact",
  },
  "cashflow_month_close_reconciliation_pending": {
    "guide": "승인 결과를 확인하고 있어요. 잠시 후 월 결산 상태를 확인해 주세요.",
    "resolution": "wait",
  },
  "cashflow_month_close_request_conflict": {
    "guide": "이미 같은 월의 결산 요청이 있어요. 기존 요청의 진행 상태를 확인해 주세요.",
    "resolution": "contact",
  },
  "cashflow_month_close_route_timeout": {
    "guide": "월 결산 처리 시간이 초과됐어요. 잠시 후 진행 상태를 확인하고 다시 시도해 주세요.",
    "resolution": "retry",
  },
  "cashflow_sheet_apply_in_progress": {
    "guide": "시트 값을 반영하는 중이에요. 잠시 뒤 자동으로 풀리면 다시 확인해 주세요.",
    "resolution": "wait",
  },
  "cashflow_sheet_mirror_revision_conflict": {
    "guide": "검토한 뒤 시트 고정본이 변경됐어요. 최신 시트 내용을 다시 검토해 주세요.",
    "resolution": "contact",
  },
  "cashflow_sheet_operation_uncertain": {
    "guide": "반영 결과를 확인하는 중이에요. 같은 요청으로 다시 시도해 주세요.",
    "resolution": "retry",
  },
  "forbidden": {
    "guide": "이 작업을 수행할 권한이 없어요. 프로젝트 담당자에게 권한을 확인해 주세요.",
    "resolution": "contact",
  },
  "internal_error": {
    "guide": "요청을 처리하는 중 문제가 생겼어요. 잠시 후 다시 시도해 주세요.",
    "resolution": "retry",
  },
  "jvm_weekly_api_identity_token_unavailable": {
    "guide": "서버 인증 설정을 확인할 수 없어요. 시스템 담당자에게 문의해 주세요.",
    "resolution": "contact",
  },
  "jvm_weekly_api_internal_error": {
    "guide": "서버에서 요청을 마치지 못했어요. 잠시 후 다시 시도해 주세요.",
    "resolution": "retry",
  },
  "jvm_weekly_api_token_unconfigured": {
    "guide": "서버 연결 설정을 확인할 수 없어요. 시스템 담당자에게 문의해 주세요.",
    "resolution": "contact",
  },
  "weekly_expense_conflict": {
    "guide": "검토하는 동안 MYSCube의 캐시플로우 값이 변경됐어요. 최신 시트 값을 다시 가져온 뒤 반영해 주세요.",
    "resolution": "retry",
  },
}
`;
